// Jest Snapshot v1, https://goo.gl/fbAQLP

exports[`<DisplayFavoriteRestaurants /> renders the display component 1`] = `
ShallowWrapper {
  "length": 1,
  Symbol(enzyme.__root__): [Circular],
  Symbol(enzyme.__unrendered__): <ListFavorites
    isVisible={true}
    restaurants={
        Array [
            Object {
              "hood": "NorthEast",
              "id": 1,
              "name": "test rest",
              "type": "indian",
            },
            Object {
              "hood": "NorthWest",
              "id": 2,
              "name": "test rest 2",
              "type": "korean",
            },
          ]
    }
/>,
  Symbol(enzyme.__renderer__): Object {
    "batchedUpdates": [Function],
    "getNode": [Function],
    "render": [Function],
    "simulateEvent": [Function],
    "unmount": [Function],
  },
  Symbol(enzyme.__node__): Object {
    "instance": null,
    "key": undefined,
    "nodeType": "host",
    "props": Object {
      "children": <Accordion
        fluid={true}
        styled={true}
>
        <div
                className="restaurantDetails"
        >
                <AccordionTitle
                        active={false}
                        index={0}
                        onClick={[Function]}
                >
                        <h2>
                                test rest
                        </h2>
                </AccordionTitle>
                <AccordionContent
                        active={false}
                >
                        <RestaurantDetails
                                restaurant={
                                        Object {
                                                "hood": "NorthEast",
                                                "id": 1,
                                                "name": "test rest",
                                                "type": "indian",
                                              }
                                }
                        />
                </AccordionContent>
        </div>
        <div
                className="restaurantDetails"
        >
                <AccordionTitle
                        active={false}
                        index={1}
                        onClick={[Function]}
                >
                        <h2>
                                test rest 2
                        </h2>
                </AccordionTitle>
                <AccordionContent
                        active={false}
                >
                        <RestaurantDetails
                                restaurant={
                                        Object {
                                                "hood": "NorthWest",
                                                "id": 2,
                                                "name": "test rest 2",
                                                "type": "korean",
                                              }
                                }
                        />
                </AccordionContent>
        </div>
</Accordion>,
      "className": "App",
      "style": Object {
        "display": "block",
      },
    },
    "ref": null,
    "rendered": Object {
      "instance": null,
      "key": undefined,
      "nodeType": "function",
      "props": Object {
        "children": Array [
          <div
            className="restaurantDetails"
>
            <AccordionTitle
                        active={false}
                        index={0}
                        onClick={[Function]}
            >
                        <h2>
                                    test rest
                        </h2>
            </AccordionTitle>
            <AccordionContent
                        active={false}
            >
                        <RestaurantDetails
                                    restaurant={
                                                Object {
                                                            "hood": "NorthEast",
                                                            "id": 1,
                                                            "name": "test rest",
                                                            "type": "indian",
                                                          }
                                    }
                        />
            </AccordionContent>
</div>,
          <div
            className="restaurantDetails"
>
            <AccordionTitle
                        active={false}
                        index={1}
                        onClick={[Function]}
            >
                        <h2>
                                    test rest 2
                        </h2>
            </AccordionTitle>
            <AccordionContent
                        active={false}
            >
                        <RestaurantDetails
                                    restaurant={
                                                Object {
                                                            "hood": "NorthWest",
                                                            "id": 2,
                                                            "name": "test rest 2",
                                                            "type": "korean",
                                                          }
                                    }
                        />
            </AccordionContent>
</div>,
        ],
        "fluid": true,
        "styled": true,
      },
      "ref": null,
      "rendered": Array [
        Object {
          "instance": null,
          "key": "1",
          "nodeType": "host",
          "props": Object {
            "children": Array [
              <AccordionTitle
                active={false}
                index={0}
                onClick={[Function]}
>
                <h2>
                                test rest
                </h2>
</AccordionTitle>,
              <AccordionContent
                active={false}
>
                <RestaurantDetails
                                restaurant={
                                                Object {
                                                                "hood": "NorthEast",
                                                                "id": 1,
                                                                "name": "test rest",
                                                                "type": "indian",
                                                              }
                                }
                />
</AccordionContent>,
            ],
            "className": "restaurantDetails",
          },
          "ref": null,
          "rendered": Array [
            Object {
              "instance": null,
              "key": undefined,
              "nodeType": "class",
              "props": Object {
                "active": false,
                "children": <h2>
                  test rest
</h2>,
                "index": 0,
                "onClick": [Function],
              },
              "ref": null,
              "rendered": Object {
                "instance": null,
                "key": undefined,
                "nodeType": "host",
                "props": Object {
                  "children": "test rest",
                },
                "ref": null,
                "rendered": "test rest",
                "type": "h2",
              },
              "type": [Function],
            },
            Object {
              "instance": null,
              "key": undefined,
              "nodeType": "function",
              "props": Object {
                "active": false,
                "children": <RestaurantDetails
                  restaurant={
                                    Object {
                                                      "hood": "NorthEast",
                                                      "id": 1,
                                                      "name": "test rest",
                                                      "type": "indian",
                                                    }
                  }
/>,
              },
              "ref": null,
              "rendered": Object {
                "instance": null,
                "key": undefined,
                "nodeType": "function",
                "props": Object {
                  "restaurant": Object {
                    "hood": "NorthEast",
                    "id": 1,
                    "name": "test rest",
                    "type": "indian",
                  },
                },
                "ref": null,
                "rendered": null,
                "type": [Function],
              },
              "type": [Function],
            },
          ],
          "type": "div",
        },
        Object {
          "instance": null,
          "key": "2",
          "nodeType": "host",
          "props": Object {
            "children": Array [
              <AccordionTitle
                active={false}
                index={1}
                onClick={[Function]}
>
                <h2>
                                test rest 2
                </h2>
</AccordionTitle>,
              <AccordionContent
                active={false}
>
                <RestaurantDetails
                                restaurant={
                                                Object {
                                                                "hood": "NorthWest",
                                                                "id": 2,
                                                                "name": "test rest 2",
                                                                "type": "korean",
                                                              }
                                }
                />
</AccordionContent>,
            ],
            "className": "restaurantDetails",
          },
          "ref": null,
          "rendered": Array [
            Object {
              "instance": null,
              "key": undefined,
              "nodeType": "class",
              "props": Object {
                "active": false,
                "children": <h2>
                  test rest 2
</h2>,
                "index": 1,
                "onClick": [Function],
              },
              "ref": null,
              "rendered": Object {
                "instance": null,
                "key": undefined,
                "nodeType": "host",
                "props": Object {
                  "children": "test rest 2",
                },
                "ref": null,
                "rendered": "test rest 2",
                "type": "h2",
              },
              "type": [Function],
            },
            Object {
              "instance": null,
              "key": undefined,
              "nodeType": "function",
              "props": Object {
                "active": false,
                "children": <RestaurantDetails
                  restaurant={
                                    Object {
                                                      "hood": "NorthWest",
                                                      "id": 2,
                                                      "name": "test rest 2",
                                                      "type": "korean",
                                                    }
                  }
/>,
              },
              "ref": null,
              "rendered": Object {
                "instance": null,
                "key": undefined,
                "nodeType": "function",
                "props": Object {
                  "restaurant": Object {
                    "hood": "NorthWest",
                    "id": 2,
                    "name": "test rest 2",
                    "type": "korean",
                  },
                },
                "ref": null,
                "rendered": null,
                "type": [Function],
              },
              "type": [Function],
            },
          ],
          "type": "div",
        },
      ],
      "type": [Function],
    },
    "type": "div",
  },
  Symbol(enzyme.__nodes__): Array [
    Object {
      "instance": null,
      "key": undefined,
      "nodeType": "host",
      "props": Object {
        "children": <Accordion
          fluid={true}
          styled={true}
>
          <div
                    className="restaurantDetails"
          >
                    <AccordionTitle
                              active={false}
                              index={0}
                              onClick={[Function]}
                    >
                              <h2>
                                        test rest
                              </h2>
                    </AccordionTitle>
                    <AccordionContent
                              active={false}
                    >
                              <RestaurantDetails
                                        restaurant={
                                                  Object {
                                                            "hood": "NorthEast",
                                                            "id": 1,
                                                            "name": "test rest",
                                                            "type": "indian",
                                                          }
                                        }
                              />
                    </AccordionContent>
          </div>
          <div
                    className="restaurantDetails"
          >
                    <AccordionTitle
                              active={false}
                              index={1}
                              onClick={[Function]}
                    >
                              <h2>
                                        test rest 2
                              </h2>
                    </AccordionTitle>
                    <AccordionContent
                              active={false}
                    >
                              <RestaurantDetails
                                        restaurant={
                                                  Object {
                                                            "hood": "NorthWest",
                                                            "id": 2,
                                                            "name": "test rest 2",
                                                            "type": "korean",
                                                          }
                                        }
                              />
                    </AccordionContent>
          </div>
</Accordion>,
        "className": "App",
        "style": Object {
          "display": "block",
        },
      },
      "ref": null,
      "rendered": Object {
        "instance": null,
        "key": undefined,
        "nodeType": "function",
        "props": Object {
          "children": Array [
            <div
              className="restaurantDetails"
>
              <AccordionTitle
                            active={false}
                            index={0}
                            onClick={[Function]}
              >
                            <h2>
                                          test rest
                            </h2>
              </AccordionTitle>
              <AccordionContent
                            active={false}
              >
                            <RestaurantDetails
                                          restaurant={
                                                        Object {
                                                                      "hood": "NorthEast",
                                                                      "id": 1,
                                                                      "name": "test rest",
                                                                      "type": "indian",
                                                                    }
                                          }
                            />
              </AccordionContent>
</div>,
            <div
              className="restaurantDetails"
>
              <AccordionTitle
                            active={false}
                            index={1}
                            onClick={[Function]}
              >
                            <h2>
                                          test rest 2
                            </h2>
              </AccordionTitle>
              <AccordionContent
                            active={false}
              >
                            <RestaurantDetails
                                          restaurant={
                                                        Object {
                                                                      "hood": "NorthWest",
                                                                      "id": 2,
                                                                      "name": "test rest 2",
                                                                      "type": "korean",
                                                                    }
                                          }
                            />
              </AccordionContent>
</div>,
          ],
          "fluid": true,
          "styled": true,
        },
        "ref": null,
        "rendered": Array [
          Object {
            "instance": null,
            "key": "1",
            "nodeType": "host",
            "props": Object {
              "children": Array [
                <AccordionTitle
                  active={false}
                  index={0}
                  onClick={[Function]}
>
                  <h2>
                                    test rest
                  </h2>
</AccordionTitle>,
                <AccordionContent
                  active={false}
>
                  <RestaurantDetails
                                    restaurant={
                                                      Object {
                                                                        "hood": "NorthEast",
                                                                        "id": 1,
                                                                        "name": "test rest",
                                                                        "type": "indian",
                                                                      }
                                    }
                  />
</AccordionContent>,
              ],
              "className": "restaurantDetails",
            },
            "ref": null,
            "rendered": Array [
              Object {
                "instance": null,
                "key": undefined,
                "nodeType": "class",
                "props": Object {
                  "active": false,
                  "children": <h2>
                    test rest
</h2>,
                  "index": 0,
                  "onClick": [Function],
                },
                "ref": null,
                "rendered": Object {
                  "instance": null,
                  "key": undefined,
                  "nodeType": "host",
                  "props": Object {
                    "children": "test rest",
                  },
                  "ref": null,
                  "rendered": "test rest",
                  "type": "h2",
                },
                "type": [Function],
              },
              Object {
                "instance": null,
                "key": undefined,
                "nodeType": "function",
                "props": Object {
                  "active": false,
                  "children": <RestaurantDetails
                    restaurant={
                                        Object {
                                                            "hood": "NorthEast",
                                                            "id": 1,
                                                            "name": "test rest",
                                                            "type": "indian",
                                                          }
                    }
/>,
                },
                "ref": null,
                "rendered": Object {
                  "instance": null,
                  "key": undefined,
                  "nodeType": "function",
                  "props": Object {
                    "restaurant": Object {
                      "hood": "NorthEast",
                      "id": 1,
                      "name": "test rest",
                      "type": "indian",
                    },
                  },
                  "ref": null,
                  "rendered": null,
                  "type": [Function],
                },
                "type": [Function],
              },
            ],
            "type": "div",
          },
          Object {
            "instance": null,
            "key": "2",
            "nodeType": "host",
            "props": Object {
              "children": Array [
                <AccordionTitle
                  active={false}
                  index={1}
                  onClick={[Function]}
>
                  <h2>
                                    test rest 2
                  </h2>
</AccordionTitle>,
                <AccordionContent
                  active={false}
>
                  <RestaurantDetails
                                    restaurant={
                                                      Object {
                                                                        "hood": "NorthWest",
                                                                        "id": 2,
                                                                        "name": "test rest 2",
                                                                        "type": "korean",
                                                                      }
                                    }
                  />
</AccordionContent>,
              ],
              "className": "restaurantDetails",
            },
            "ref": null,
            "rendered": Array [
              Object {
                "instance": null,
                "key": undefined,
                "nodeType": "class",
                "props": Object {
                  "active": false,
                  "children": <h2>
                    test rest 2
</h2>,
                  "index": 1,
                  "onClick": [Function],
                },
                "ref": null,
                "rendered": Object {
                  "instance": null,
                  "key": undefined,
                  "nodeType": "host",
                  "props": Object {
                    "children": "test rest 2",
                  },
                  "ref": null,
                  "rendered": "test rest 2",
                  "type": "h2",
                },
                "type": [Function],
              },
              Object {
                "instance": null,
                "key": undefined,
                "nodeType": "function",
                "props": Object {
                  "active": false,
                  "children": <RestaurantDetails
                    restaurant={
                                        Object {
                                                            "hood": "NorthWest",
                                                            "id": 2,
                                                            "name": "test rest 2",
                                                            "type": "korean",
                                                          }
                    }
/>,
                },
                "ref": null,
                "rendered": Object {
                  "instance": null,
                  "key": undefined,
                  "nodeType": "function",
                  "props": Object {
                    "restaurant": Object {
                      "hood": "NorthWest",
                      "id": 2,
                      "name": "test rest 2",
                      "type": "korean",
                    },
                  },
                  "ref": null,
                  "rendered": null,
                  "type": [Function],
                },
                "type": [Function],
              },
            ],
            "type": "div",
          },
        ],
        "type": [Function],
      },
      "type": "div",
    },
  ],
  Symbol(enzyme.__options__): Object {
    "adapter": ReactFifteenAdapter {
      "options": Object {
        "supportPrevContextArgumentOfComponentDidUpdate": true,
      },
    },
  },
}
`;
